// Jest Snapshot v1, https://goo.gl/fbAQLP

exports[`Pruebas en Componente <GifItem /> debe de hacer match con la snapshot 1`] = `
<div>
  <div
    class="card"
  >
    <img
      alt="Luffy Gomu Gomu no Bazuka"
      src="https://one-piece.com/luffy.jpg"
    />
    <p>
       
      Luffy Gomu Gomu no Bazuka
       
    </p>
  </div>
</div>
`;
